c:\users\sebas\desktop\editormallastfg\editormallastfg\tmp\editormallastfg\x64\debug\vc143.pdb
c:\users\sebas\desktop\editormallastfg\editormallastfg\tmp\editormallastfg\x64\debug\vc143.idb
c:\users\sebas\desktop\editormallastfg\editormallastfg\tmp\editormallastfg\x64\debug\mesh.obj
c:\users\sebas\desktop\editormallastfg\editormallastfg\tmp\editormallastfg\x64\debug\main.obj
c:\users\sebas\desktop\editormallastfg\editormallastfg\tmp\editormallastfg\x64\debug\editor.obj
c:\users\sebas\desktop\editormallastfg\editormallastfg\tmp\editormallastfg\x64\debug\shader.obj
c:\users\sebas\desktop\editormallastfg\editormallastfg\tmp\editormallastfg\x64\debug\gl.obj
c:\users\sebas\desktop\editormallastfg\editormallastfg\bin\editormallastfg.exe
c:\users\sebas\desktop\editormallastfg\editormallastfg\bin\editormallastfg.pdb
c:\users\sebas\desktop\editormallastfg\editormallastfg\tmp\editormallastfg\x64\debug\editormallastfg.ilk
c:\users\sebas\desktop\editormallastfg\editormallastfg\tmp\editormallastfg\x64\debug\glad.obj
c:\users\sebas\desktop\editormallastfg\editormallastfg\tmp\editormallastfg\x64\debug\shaderloader.obj
c:\users\sebas\desktop\editormallastfg\editormallastfg\tmp\editormallastfg\x64\debug\editormallastfg.vcxproj.filelistabsolute.txt
c:\users\sebas\desktop\editormallastfg\editormallastfg\tmp\editormallastfg\x64\debug\editormallastfg.tlog\cl.command.1.tlog
c:\users\sebas\desktop\editormallastfg\editormallastfg\tmp\editormallastfg\x64\debug\editormallastfg.tlog\cl.items.tlog
c:\users\sebas\desktop\editormallastfg\editormallastfg\tmp\editormallastfg\x64\debug\editormallastfg.tlog\cl.read.1.tlog
c:\users\sebas\desktop\editormallastfg\editormallastfg\tmp\editormallastfg\x64\debug\editormallastfg.tlog\cl.write.1.tlog
c:\users\sebas\desktop\editormallastfg\editormallastfg\tmp\editormallastfg\x64\debug\editormallastfg.tlog\link.command.1.tlog
c:\users\sebas\desktop\editormallastfg\editormallastfg\tmp\editormallastfg\x64\debug\editormallastfg.tlog\link.read.1.tlog
c:\users\sebas\desktop\editormallastfg\editormallastfg\tmp\editormallastfg\x64\debug\editormallastfg.tlog\link.secondary.1.tlog
c:\users\sebas\desktop\editormallastfg\editormallastfg\tmp\editormallastfg\x64\debug\editormallastfg.tlog\link.write.1.tlog
